// Jest Snapshot v1, https://goo.gl/fbAQLP

exports[`Tests in Modal component Should render the component 1`] = `<DocumentFragment />`;
